// Jest Snapshot v1, https://goo.gl/fbAQLP

exports[`auth bound actions setAuthLoading 1`] = `
Array [
  Object {
    "payload": Object {
      "isLoading": true,
    },
    "type": "auth/LOADING",
  },
]
`;
